// Jest Snapshot v1, https://goo.gl/fbAQLP

exports[`# Fade 1`] = `
<div
  test={
    Object {
      "message": "test",
    }
  }
>
  Test
</div>
`;
