// Jest Snapshot v1, https://goo.gl/fbAQLP

exports[`# LeagueTitle 1`] = `
<div>
  <h1
    className="title"
  >
    TestLeague
  </h1>
  <h2
    className="subtitle"
  >
    Created : 
    Wed Feb 21 2018
  </h2>
</div>
`;
